// Jest Snapshot v1, https://goo.gl/fbAQLP

exports[`other stages other stages 1`] = `
<div
  className="sc-hKMtZM cAZEPc"
>
  <h1>
    Other Stages
  </h1>
  <div
    className="stages"
  >
    <div>
      <h3
        style={
          Object {
            "color": "white",
            "fontSize": "0.9rem",
            "fontWeight": "bold",
            "letterSpacing": "2px",
            "lineHeight": "1.5",
          }
        }
      />
      <div
        className="sc-bczRLJ dOazjP"
      >
        <div
          className="sc-gsnTZi cfCNZh"
        >
          <div
            className="sc-dkzDqf hDPLVa"
            color="0,0,0"
            type={0}
          />
          <div
            className="sc-dkzDqf hDPLVa"
            color="0,0,0"
            type={0}
          />
          <div
            className="sc-dkzDqf hDPLVa"
            color="0,0,0"
            type={0}
          />
          <div
            className="sc-dkzDqf hDPLVa"
            color="0,0,0"
            type={0}
          />
          <div
            className="sc-dkzDqf hDPLVa"
            color="0,0,0"
            type={0}
          />
          <div
            className="sc-dkzDqf hDPLVa"
            color="0,0,0"
            type={0}
          />
          <div
            className="sc-dkzDqf hDPLVa"
            color="0,0,0"
            type={0}
          />
          <div
            className="sc-dkzDqf hDPLVa"
            color="0,0,0"
            type={0}
          />
          <div
            className="sc-dkzDqf hDPLVa"
            color="0,0,0"
            type={0}
          />
          <div
            className="sc-dkzDqf hDPLVa"
            color="0,0,0"
            type={0}
          />
        </div>
        <div
          className="sc-gsnTZi cfCNZh"
        >
          <div
            className="sc-dkzDqf hDPLVa"
            color="0,0,0"
            type={0}
          />
          <div
            className="sc-dkzDqf hDPLVa"
            color="0,0,0"
            type={0}
          />
          <div
            className="sc-dkzDqf hDPLVa"
            color="0,0,0"
            type={0}
          />
          <div
            className="sc-dkzDqf hDPLVa"
            color="0,0,0"
            type={0}
          />
          <div
            className="sc-dkzDqf hDPLVa"
            color="0,0,0"
            type={0}
          />
          <div
            className="sc-dkzDqf hDPLVa"
            color="0,0,0"
            type={0}
          />
          <div
            className="sc-dkzDqf hDPLVa"
            color="0,0,0"
            type={0}
          />
          <div
            className="sc-dkzDqf hDPLVa"
            color="0,0,0"
            type={0}
          />
          <div
            className="sc-dkzDqf hDPLVa"
            color="0,0,0"
            type={0}
          />
          <div
            className="sc-dkzDqf hDPLVa"
            color="0,0,0"
            type={0}
          />
        </div>
        <div
          className="sc-gsnTZi cfCNZh"
        >
          <div
            className="sc-dkzDqf hDPLVa"
            color="0,0,0"
            type={0}
          />
          <div
            className="sc-dkzDqf hDPLVa"
            color="0,0,0"
            type={0}
          />
          <div
            className="sc-dkzDqf hDPLVa"
            color="0,0,0"
            type={0}
          />
          <div
            className="sc-dkzDqf hDPLVa"
            color="0,0,0"
            type={0}
          />
          <div
            className="sc-dkzDqf hDPLVa"
            color="0,0,0"
            type={0}
          />
          <div
            className="sc-dkzDqf hDPLVa"
            color="0,0,0"
            type={0}
          />
          <div
            className="sc-dkzDqf hDPLVa"
            color="0,0,0"
            type={0}
          />
          <div
            className="sc-dkzDqf hDPLVa"
            color="0,0,0"
            type={0}
          />
          <div
            className="sc-dkzDqf hDPLVa"
            color="0,0,0"
            type={0}
          />
          <div
            className="sc-dkzDqf hDPLVa"
            color="0,0,0"
            type={0}
          />
        </div>
        <div
          className="sc-gsnTZi cfCNZh"
        >
          <div
            className="sc-dkzDqf hDPLVa"
            color="0,0,0"
            type={0}
          />
          <div
            className="sc-dkzDqf hDPLVa"
            color="0,0,0"
            type={0}
          />
          <div
            className="sc-dkzDqf hDPLVa"
            color="0,0,0"
            type={0}
          />
          <div
            className="sc-dkzDqf hDPLVa"
            color="0,0,0"
            type={0}
          />
          <div
            className="sc-dkzDqf hDPLVa"
            color="0,0,0"
            type={0}
          />
          <div
            className="sc-dkzDqf hDPLVa"
            color="0,0,0"
            type={0}
          />
          <div
            className="sc-dkzDqf hDPLVa"
            color="0,0,0"
            type={0}
          />
          <div
            className="sc-dkzDqf hDPLVa"
            color="0,0,0"
            type={0}
          />
          <div
            className="sc-dkzDqf hDPLVa"
            color="0,0,0"
            type={0}
          />
          <div
            className="sc-dkzDqf hDPLVa"
            color="0,0,0"
            type={0}
          />
        </div>
        <div
          className="sc-gsnTZi cfCNZh"
        >
          <div
            className="sc-dkzDqf hDPLVa"
            color="0,0,0"
            type={0}
          />
          <div
            className="sc-dkzDqf hDPLVa"
            color="0,0,0"
            type={0}
          />
          <div
            className="sc-dkzDqf hDPLVa"
            color="0,0,0"
            type={0}
          />
          <div
            className="sc-dkzDqf hDPLVa"
            color="0,0,0"
            type={0}
          />
          <div
            className="sc-dkzDqf hDPLVa"
            color="0,0,0"
            type={0}
          />
          <div
            className="sc-dkzDqf hDPLVa"
            color="0,0,0"
            type={0}
          />
          <div
            className="sc-dkzDqf hDPLVa"
            color="0,0,0"
            type={0}
          />
          <div
            className="sc-dkzDqf hDPLVa"
            color="0,0,0"
            type={0}
          />
          <div
            className="sc-dkzDqf hDPLVa"
            color="0,0,0"
            type={0}
          />
          <div
            className="sc-dkzDqf hDPLVa"
            color="0,0,0"
            type={0}
          />
        </div>
        <div
          className="sc-gsnTZi cfCNZh"
        >
          <div
            className="sc-dkzDqf hDPLVa"
            color="0,0,0"
            type={0}
          />
          <div
            className="sc-dkzDqf hDPLVa"
            color="0,0,0"
            type={0}
          />
          <div
            className="sc-dkzDqf hDPLVa"
            color="0,0,0"
            type={0}
          />
          <div
            className="sc-dkzDqf hDPLVa"
            color="0,0,0"
            type={0}
          />
          <div
            className="sc-dkzDqf hDPLVa"
            color="0,0,0"
            type={0}
          />
          <div
            className="sc-dkzDqf hDPLVa"
            color="0,0,0"
            type={0}
          />
          <div
            className="sc-dkzDqf hDPLVa"
            color="0,0,0"
            type={0}
          />
          <div
            className="sc-dkzDqf hDPLVa"
            color="0,0,0"
            type={0}
          />
          <div
            className="sc-dkzDqf hDPLVa"
            color="0,0,0"
            type={0}
          />
          <div
            className="sc-dkzDqf hDPLVa"
            color="0,0,0"
            type={0}
          />
        </div>
        <div
          className="sc-gsnTZi cfCNZh"
        >
          <div
            className="sc-dkzDqf hDPLVa"
            color="0,0,0"
            type={0}
          />
          <div
            className="sc-dkzDqf hDPLVa"
            color="0,0,0"
            type={0}
          />
          <div
            className="sc-dkzDqf hDPLVa"
            color="0,0,0"
            type={0}
          />
          <div
            className="sc-dkzDqf hDPLVa"
            color="0,0,0"
            type={0}
          />
          <div
            className="sc-dkzDqf hDPLVa"
            color="0,0,0"
            type={0}
          />
          <div
            className="sc-dkzDqf hDPLVa"
            color="0,0,0"
            type={0}
          />
          <div
            className="sc-dkzDqf hDPLVa"
            color="0,0,0"
            type={0}
          />
          <div
            className="sc-dkzDqf hDPLVa"
            color="0,0,0"
            type={0}
          />
          <div
            className="sc-dkzDqf hDPLVa"
            color="0,0,0"
            type={0}
          />
          <div
            className="sc-dkzDqf hDPLVa"
            color="0,0,0"
            type={0}
          />
        </div>
        <div
          className="sc-gsnTZi cfCNZh"
        >
          <div
            className="sc-dkzDqf hDPLVa"
            color="0,0,0"
            type={0}
          />
          <div
            className="sc-dkzDqf hDPLVa"
            color="0,0,0"
            type={0}
          />
          <div
            className="sc-dkzDqf hDPLVa"
            color="0,0,0"
            type={0}
          />
          <div
            className="sc-dkzDqf hDPLVa"
            color="0,0,0"
            type={0}
          />
          <div
            className="sc-dkzDqf hDPLVa"
            color="0,0,0"
            type={0}
          />
          <div
            className="sc-dkzDqf hDPLVa"
            color="0,0,0"
            type={0}
          />
          <div
            className="sc-dkzDqf hDPLVa"
            color="0,0,0"
            type={0}
          />
          <div
            className="sc-dkzDqf hDPLVa"
            color="0,0,0"
            type={0}
          />
          <div
            className="sc-dkzDqf hDPLVa"
            color="0,0,0"
            type={0}
          />
          <div
            className="sc-dkzDqf hDPLVa"
            color="0,0,0"
            type={0}
          />
        </div>
        <div
          className="sc-gsnTZi cfCNZh"
        >
          <div
            className="sc-dkzDqf hDPLVa"
            color="0,0,0"
            type={0}
          />
          <div
            className="sc-dkzDqf hDPLVa"
            color="0,0,0"
            type={0}
          />
          <div
            className="sc-dkzDqf hDPLVa"
            color="0,0,0"
            type={0}
          />
          <div
            className="sc-dkzDqf hDPLVa"
            color="0,0,0"
            type={0}
          />
          <div
            className="sc-dkzDqf hDPLVa"
            color="0,0,0"
            type={0}
          />
          <div
            className="sc-dkzDqf hDPLVa"
            color="0,0,0"
            type={0}
          />
          <div
            className="sc-dkzDqf hDPLVa"
            color="0,0,0"
            type={0}
          />
          <div
            className="sc-dkzDqf hDPLVa"
            color="0,0,0"
            type={0}
          />
          <div
            className="sc-dkzDqf hDPLVa"
            color="0,0,0"
            type={0}
          />
          <div
            className="sc-dkzDqf hDPLVa"
            color="0,0,0"
            type={0}
          />
        </div>
        <div
          className="sc-gsnTZi cfCNZh"
        >
          <div
            className="sc-dkzDqf hDPLVa"
            color="0,0,0"
            type={0}
          />
          <div
            className="sc-dkzDqf hDPLVa"
            color="0,0,0"
            type={0}
          />
          <div
            className="sc-dkzDqf hDPLVa"
            color="0,0,0"
            type={0}
          />
          <div
            className="sc-dkzDqf hDPLVa"
            color="0,0,0"
            type={0}
          />
          <div
            className="sc-dkzDqf hDPLVa"
            color="0,0,0"
            type={0}
          />
          <div
            className="sc-dkzDqf hDPLVa"
            color="0,0,0"
            type={0}
          />
          <div
            className="sc-dkzDqf hDPLVa"
            color="0,0,0"
            type={0}
          />
          <div
            className="sc-dkzDqf hDPLVa"
            color="0,0,0"
            type={0}
          />
          <div
            className="sc-dkzDqf hDPLVa"
            color="0,0,0"
            type={0}
          />
          <div
            className="sc-dkzDqf hDPLVa"
            color="0,0,0"
            type={0}
          />
        </div>
        <div
          className="sc-gsnTZi cfCNZh"
        >
          <div
            className="sc-dkzDqf hDPLVa"
            color="0,0,0"
            type={0}
          />
          <div
            className="sc-dkzDqf hDPLVa"
            color="0,0,0"
            type={0}
          />
          <div
            className="sc-dkzDqf hDPLVa"
            color="0,0,0"
            type={0}
          />
          <div
            className="sc-dkzDqf hDPLVa"
            color="0,0,0"
            type={0}
          />
          <div
            className="sc-dkzDqf hDPLVa"
            color="0,0,0"
            type={0}
          />
          <div
            className="sc-dkzDqf hDPLVa"
            color="0,0,0"
            type={0}
          />
          <div
            className="sc-dkzDqf hDPLVa"
            color="0,0,0"
            type={0}
          />
          <div
            className="sc-dkzDqf hDPLVa"
            color="0,0,0"
            type={0}
          />
          <div
            className="sc-dkzDqf hDPLVa"
            color="0,0,0"
            type={0}
          />
          <div
            className="sc-dkzDqf hDPLVa"
            color="0,0,0"
            type={0}
          />
        </div>
        <div
          className="sc-gsnTZi cfCNZh"
        >
          <div
            className="sc-dkzDqf hDPLVa"
            color="0,0,0"
            type={0}
          />
          <div
            className="sc-dkzDqf hDPLVa"
            color="0,0,0"
            type={0}
          />
          <div
            className="sc-dkzDqf hDPLVa"
            color="0,0,0"
            type={0}
          />
          <div
            className="sc-dkzDqf hDPLVa"
            color="0,0,0"
            type={0}
          />
          <div
            className="sc-dkzDqf hDPLVa"
            color="0,0,0"
            type={0}
          />
          <div
            className="sc-dkzDqf hDPLVa"
            color="0,0,0"
            type={0}
          />
          <div
            className="sc-dkzDqf hDPLVa"
            color="0,0,0"
            type={0}
          />
          <div
            className="sc-dkzDqf hDPLVa"
            color="0,0,0"
            type={0}
          />
          <div
            className="sc-dkzDqf hDPLVa"
            color="0,0,0"
            type={0}
          />
          <div
            className="sc-dkzDqf hDPLVa"
            color="0,0,0"
            type={0}
          />
        </div>
        <div
          className="sc-gsnTZi cfCNZh"
        >
          <div
            className="sc-dkzDqf hDPLVa"
            color="0,0,0"
            type={0}
          />
          <div
            className="sc-dkzDqf hDPLVa"
            color="0,0,0"
            type={0}
          />
          <div
            className="sc-dkzDqf hDPLVa"
            color="0,0,0"
            type={0}
          />
          <div
            className="sc-dkzDqf hDPLVa"
            color="0,0,0"
            type={0}
          />
          <div
            className="sc-dkzDqf hDPLVa"
            color="0,0,0"
            type={0}
          />
          <div
            className="sc-dkzDqf hDPLVa"
            color="0,0,0"
            type={0}
          />
          <div
            className="sc-dkzDqf hDPLVa"
            color="0,0,0"
            type={0}
          />
          <div
            className="sc-dkzDqf hDPLVa"
            color="0,0,0"
            type={0}
          />
          <div
            className="sc-dkzDqf hDPLVa"
            color="0,0,0"
            type={0}
          />
          <div
            className="sc-dkzDqf hDPLVa"
            color="0,0,0"
            type={0}
          />
        </div>
        <div
          className="sc-gsnTZi cfCNZh"
        >
          <div
            className="sc-dkzDqf hDPLVa"
            color="0,0,0"
            type={0}
          />
          <div
            className="sc-dkzDqf hDPLVa"
            color="0,0,0"
            type={0}
          />
          <div
            className="sc-dkzDqf hDPLVa"
            color="0,0,0"
            type={0}
          />
          <div
            className="sc-dkzDqf hDPLVa"
            color="0,0,0"
            type={0}
          />
          <div
            className="sc-dkzDqf hDPLVa"
            color="0,0,0"
            type={0}
          />
          <div
            className="sc-dkzDqf hDPLVa"
            color="0,0,0"
            type={0}
          />
          <div
            className="sc-dkzDqf hDPLVa"
            color="0,0,0"
            type={0}
          />
          <div
            className="sc-dkzDqf hDPLVa"
            color="0,0,0"
            type={0}
          />
          <div
            className="sc-dkzDqf hDPLVa"
            color="0,0,0"
            type={0}
          />
          <div
            className="sc-dkzDqf hDPLVa"
            color="0,0,0"
            type={0}
          />
        </div>
        <div
          className="sc-gsnTZi cfCNZh"
        >
          <div
            className="sc-dkzDqf hDPLVa"
            color="0,0,0"
            type={0}
          />
          <div
            className="sc-dkzDqf hDPLVa"
            color="0,0,0"
            type={0}
          />
          <div
            className="sc-dkzDqf hDPLVa"
            color="0,0,0"
            type={0}
          />
          <div
            className="sc-dkzDqf hDPLVa"
            color="0,0,0"
            type={0}
          />
          <div
            className="sc-dkzDqf hDPLVa"
            color="0,0,0"
            type={0}
          />
          <div
            className="sc-dkzDqf hDPLVa"
            color="0,0,0"
            type={0}
          />
          <div
            className="sc-dkzDqf hDPLVa"
            color="0,0,0"
            type={0}
          />
          <div
            className="sc-dkzDqf hDPLVa"
            color="0,0,0"
            type={0}
          />
          <div
            className="sc-dkzDqf hDPLVa"
            color="0,0,0"
            type={0}
          />
          <div
            className="sc-dkzDqf hDPLVa"
            color="0,0,0"
            type={0}
          />
        </div>
        <div
          className="sc-gsnTZi cfCNZh"
        >
          <div
            className="sc-dkzDqf hDPLVa"
            color="0,0,0"
            type={0}
          />
          <div
            className="sc-dkzDqf hDPLVa"
            color="0,0,0"
            type={0}
          />
          <div
            className="sc-dkzDqf hDPLVa"
            color="0,0,0"
            type={0}
          />
          <div
            className="sc-dkzDqf hDPLVa"
            color="0,0,0"
            type={0}
          />
          <div
            className="sc-dkzDqf hDPLVa"
            color="0,0,0"
            type={0}
          />
          <div
            className="sc-dkzDqf hDPLVa"
            color="0,0,0"
            type={0}
          />
          <div
            className="sc-dkzDqf hDPLVa"
            color="0,0,0"
            type={0}
          />
          <div
            className="sc-dkzDqf hDPLVa"
            color="0,0,0"
            type={0}
          />
          <div
            className="sc-dkzDqf hDPLVa"
            color="0,0,0"
            type={0}
          />
          <div
            className="sc-dkzDqf hDPLVa"
            color="0,0,0"
            type={0}
          />
        </div>
        <div
          className="sc-gsnTZi cfCNZh"
        >
          <div
            className="sc-dkzDqf hDPLVa"
            color="0,0,0"
            type={0}
          />
          <div
            className="sc-dkzDqf hDPLVa"
            color="0,0,0"
            type={0}
          />
          <div
            className="sc-dkzDqf hDPLVa"
            color="0,0,0"
            type={0}
          />
          <div
            className="sc-dkzDqf hDPLVa"
            color="0,0,0"
            type={0}
          />
          <div
            className="sc-dkzDqf hDPLVa"
            color="0,0,0"
            type={0}
          />
          <div
            className="sc-dkzDqf hDPLVa"
            color="0,0,0"
            type={0}
          />
          <div
            className="sc-dkzDqf hDPLVa"
            color="0,0,0"
            type={0}
          />
          <div
            className="sc-dkzDqf hDPLVa"
            color="0,0,0"
            type={0}
          />
          <div
            className="sc-dkzDqf hDPLVa"
            color="0,0,0"
            type={0}
          />
          <div
            className="sc-dkzDqf hDPLVa"
            color="0,0,0"
            type={0}
          />
        </div>
        <div
          className="sc-gsnTZi cfCNZh"
        >
          <div
            className="sc-dkzDqf hDPLVa"
            color="0,0,0"
            type={0}
          />
          <div
            className="sc-dkzDqf hDPLVa"
            color="0,0,0"
            type={0}
          />
          <div
            className="sc-dkzDqf hDPLVa"
            color="0,0,0"
            type={0}
          />
          <div
            className="sc-dkzDqf hDPLVa"
            color="0,0,0"
            type={0}
          />
          <div
            className="sc-dkzDqf hDPLVa"
            color="0,0,0"
            type={0}
          />
          <div
            className="sc-dkzDqf hDPLVa"
            color="0,0,0"
            type={0}
          />
          <div
            className="sc-dkzDqf hDPLVa"
            color="0,0,0"
            type={0}
          />
          <div
            className="sc-dkzDqf hDPLVa"
            color="0,0,0"
            type={0}
          />
          <div
            className="sc-dkzDqf hDPLVa"
            color="0,0,0"
            type={0}
          />
          <div
            className="sc-dkzDqf hDPLVa"
            color="0,0,0"
            type={0}
          />
        </div>
        <div
          className="sc-gsnTZi cfCNZh"
        >
          <div
            className="sc-dkzDqf hDPLVa"
            color="0,0,0"
            type={0}
          />
          <div
            className="sc-dkzDqf hDPLVa"
            color="0,0,0"
            type={0}
          />
          <div
            className="sc-dkzDqf hDPLVa"
            color="0,0,0"
            type={0}
          />
          <div
            className="sc-dkzDqf hDPLVa"
            color="0,0,0"
            type={0}
          />
          <div
            className="sc-dkzDqf hDPLVa"
            color="0,0,0"
            type={0}
          />
          <div
            className="sc-dkzDqf hDPLVa"
            color="0,0,0"
            type={0}
          />
          <div
            className="sc-dkzDqf hDPLVa"
            color="0,0,0"
            type={0}
          />
          <div
            className="sc-dkzDqf hDPLVa"
            color="0,0,0"
            type={0}
          />
          <div
            className="sc-dkzDqf hDPLVa"
            color="0,0,0"
            type={0}
          />
          <div
            className="sc-dkzDqf hDPLVa"
            color="0,0,0"
            type={0}
          />
        </div>
        <div
          className="sc-gsnTZi cfCNZh"
        >
          <div
            className="sc-dkzDqf hDPLVa"
            color="0,0,0"
            type={0}
          />
          <div
            className="sc-dkzDqf hDPLVa"
            color="0,0,0"
            type={0}
          />
          <div
            className="sc-dkzDqf hDPLVa"
            color="0,0,0"
            type={0}
          />
          <div
            className="sc-dkzDqf hDPLVa"
            color="0,0,0"
            type={0}
          />
          <div
            className="sc-dkzDqf hDPLVa"
            color="0,0,0"
            type={0}
          />
          <div
            className="sc-dkzDqf hDPLVa"
            color="0,0,0"
            type={0}
          />
          <div
            className="sc-dkzDqf hDPLVa"
            color="0,0,0"
            type={0}
          />
          <div
            className="sc-dkzDqf hDPLVa"
            color="0,0,0"
            type={0}
          />
          <div
            className="sc-dkzDqf hDPLVa"
            color="0,0,0"
            type={0}
          />
          <div
            className="sc-dkzDqf hDPLVa"
            color="0,0,0"
            type={0}
          />
        </div>
      </div>
    </div>
  </div>
</div>
`;
